
  .   ____          _            __ _ _
 /\\ / ___'_ __ _ _(_)_ __  __ _ \ \ \ \
( ( )\___ | '_ | '_| | '_ \/ _` | \ \ \ \
 \\/  ___)| |_)| | | | | || (_| |  ) ) ) )
  '  |____| .__|_| |_|_| |_\__, | / / / /
 =========|_|==============|___/=/_/_/_/

 :: Spring Boot ::                (v4.0.6)

2026-08-14T19:52:42.725-03:00  INFO 28776 --- [ms-whatsapp-bot] [           main] b.c.s.whatsapp.MsWhatsappBotApplication  : Starting MsWhatsappBotApplication using Java 21.0.11 with PID 28776 (C:\AmbienteDev\ms-whatsapp-bot\target\classes started by Edu_Santos in C:\AmbienteDev\ms-whatsapp-bot)
2026-08-14T19:52:42.731-03:00 DEBUG 28776 --- [ms-whatsapp-bot] [           main] b.c.s.whatsapp.MsWhatsappBotApplication  : Running with Spring Boot v4.0.6, Spring v7.0.7
2026-08-14T19:52:42.732-03:00  INFO 28776 --- [ms-whatsapp-bot] [           main] b.c.s.whatsapp.MsWhatsappBotApplication  : The following 1 profile is active: "dev"
2026-08-14T19:52:43.584-03:00  INFO 28776 --- [ms-whatsapp-bot] [           main] .s.d.r.c.RepositoryConfigurationDelegate : Multiple Spring Data modules found, entering strict repository configuration mode
2026-08-14T19:52:43.586-03:00  INFO 28776 --- [ms-whatsapp-bot] [           main] .s.d.r.c.RepositoryConfigurationDelegate : Bootstrapping Spring Data Redis repositories in DEFAULT mode.
2026-08-14T19:52:43.618-03:00  INFO 28776 --- [ms-whatsapp-bot] [           main] .s.d.r.c.RepositoryConfigurationDelegate : Finished Spring Data repository scanning in 15 ms. Found 0 Redis repository interfaces.
2026-08-14T19:52:44.087-03:00  INFO 28776 --- [ms-whatsapp-bot] [           main] o.s.boot.tomcat.TomcatWebServer          : Tomcat initialized with port 8083 (http)
2026-08-14T19:52:44.102-03:00  INFO 28776 --- [ms-whatsapp-bot] [           main] o.apache.catalina.core.StandardService   : Starting service [Tomcat]
2026-08-14T19:52:44.103-03:00  INFO 28776 --- [ms-whatsapp-bot] [           main] o.apache.catalina.core.StandardEngine    : Starting Servlet engine: [Apache Tomcat/11.0.21]
2026-08-14T19:52:44.177-03:00  INFO 28776 --- [ms-whatsapp-bot] [           main] b.w.c.s.WebApplicationContextInitializer : Root WebApplicationContext: initialization completed in 1383 ms
2026-08-14T19:52:44.962-03:00  WARN 28776 --- [ms-whatsapp-bot] [           main] .s.a.UserDetailsServiceAutoConfiguration : 

Using generated security password: 8077af03-aa23-4bd4-a266-af31deeb3fe5

This generated password is for development use only. Your security configuration must be updated before running your application in production.

2026-08-14T19:52:44.970-03:00  INFO 28776 --- [ms-whatsapp-bot] [           main] r$InitializeUserDetailsManagerConfigurer : Global AuthenticationManager configured with UserDetailsService bean with name inMemoryUserDetailsManager
2026-08-14T19:52:45.115-03:00  INFO 28776 --- [ms-whatsapp-bot] [           main] o.s.v.b.OptionalValidatorFactoryBean     : Failed to set up a Bean Validation provider: jakarta.validation.NoProviderFoundException: Unable to create a Configuration, because no Jakarta Validation provider could be found. Add a provider like Hibernate Validator (RI) to your classpath.
2026-08-14T19:52:45.511-03:00  INFO 28776 --- [ms-whatsapp-bot] [           main] o.s.boot.tomcat.TomcatWebServer          : Tomcat started on port 8083 (http) with context path '/'
2026-08-14T19:52:45.520-03:00  INFO 28776 --- [ms-whatsapp-bot] [           main] b.c.s.whatsapp.MsWhatsappBotApplication  : Started MsWhatsappBotApplication in 3.219 seconds (process running for 3.577)
